{"EventId":0,"level":"Information","class":"test-category","Message":"test-message","mdc":{"TraceId":"0af7651916cd43dd8448eb211c80319c","SpanId":"b7ad6b7169203331","ParentSpanId":"c5ad6b716920222f","{OriginalFormat}":"test-message","Scope_Message_0":"TraceId:0af7651916cd43dd8448eb211c80319c SpanId:b7ad6b7169203331 ParentSpanId:c5ad6b716920222f","Scope_Message_1":"test-message"}}
